[28dic2025 12:55:50.848] [main/INFO] [cpw.mods.modlauncher.Launcher/MODLAUNCHER]: ModLauncher running: args [--launchTarget, neoforgeserver, --fml.neoForgeVersion, 21.4.156, --fml.fmlVersion, 6.0.18, --fml.mcVersion, 1.21.4, --fml.neoFormVersion, 20241203.161809]
[28dic2025 12:55:50.850] [main/INFO] [cpw.mods.modlauncher.Launcher/MODLAUNCHER]: JVM identified as Oracle Corporation Java HotSpot(TM) 64-Bit Server VM 25.0.1+8-LTS-27
[28dic2025 12:55:50.852] [main/INFO] [cpw.mods.modlauncher.Launcher/MODLAUNCHER]: ModLauncher 11.0.4+main.d2e20e43 starting: java version 25.0.1 by Oracle Corporation; OS Windows 11 arch amd64 version 10.0
[28dic2025 12:55:51.071] [main/INFO] [net.neoforged.fml.loading.ImmediateWindowHandler/]: ImmediateWindowProvider not loading because launch target is neoforgeserver
[28dic2025 12:55:51.120] [main/INFO] [mixin/]: SpongePowered MIXIN Subsystem Version=0.8.7 Source=union:/C:/Users/Eoweo/Desktop/Minecraft/Minecraft/NeoForge%20Server/libraries/net/fabricmc/sponge-mixin/0.15.2+mixin.0.8.7/sponge-mixin-0.15.2+mixin.0.8.7.jar%2385!/ Service=ModLauncher Env=SERVER
[28dic2025 12:55:51.327] [main/INFO] [net.neoforged.fml.loading.moddiscovery.ModDiscoverer/SCAN]: Found mod file "server-1.21.4-20241203.161809-srg.jar" [locator: production server provider +net.neoforged:neoforge:21.4.156:server]
[28dic2025 12:55:51.349] [main/INFO] [net.neoforged.fml.loading.moddiscovery.ModDiscoverer/SCAN]: Found mod file "neoforge-21.4.156-universal.jar" [locator: PathBasedLocator[name=neoforge, paths=[libraries\net\neoforged\neoforge\21.4.156\neoforge-21.4.156-universal.jar]], reader: mod manifest]
[28dic2025 12:55:51.357] [main/INFO] [net.neoforged.fml.loading.moddiscovery.ModDiscoverer/SCAN]: Found library file "spongeneo-lang.jar" [locator: spongeneo, reader: mod manifest]
[28dic2025 12:55:51.451] [main/INFO] [net.neoforged.fml.loading.moddiscovery.ModDiscoverer/SCAN]: Found mod file "spongeneo-mod.jar" [locator: spongeneo, reader: mod manifest]
[28dic2025 12:55:51.492] [main/INFO] [net.neoforged.fml.loading.moddiscovery.ModDiscoverer/SCAN]: Found mod file "LuckPerms-Sponge-5.4.152.jar" [locator: plugins directory, reader: sponge manifest]
[28dic2025 12:55:51.505] [main/WARN] [net.neoforged.fml.loading.moddiscovery.ModDiscoverer/SCAN]: Skipping jar. File C:\Users\Eoweo\Desktop\Minecraft\Minecraft\NeoForge Server\mods\plugins\serial-key.jar is for an old version of Minecraft Forge and cannot be loaded
[28dic2025 12:55:51.511] [main/INFO] [net.neoforged.fml.loading.moddiscovery.ModDiscoverer/SCAN]: Found mod file "SkinsRestorer.jar" [locator: plugins directory, reader: sponge manifest]
[28dic2025 12:55:51.519] [main/INFO] [net.neoforged.fml.loading.moddiscovery.ModDiscoverer/SCAN]: Found mod file "architectury-15.0.3-neoforge.jar" [locator: {mods folder locator at C:\Users\Eoweo\Desktop\Minecraft\Minecraft\NeoForge Server\mods}, reader: mod manifest]
[28dic2025 12:55:51.524] [main/INFO] [net.neoforged.fml.loading.moddiscovery.ModDiscoverer/SCAN]: Found mod file "cloth-config-17.0.144-neoforge.jar" [locator: {mods folder locator at C:\Users\Eoweo\Desktop\Minecraft\Minecraft\NeoForge Server\mods}, reader: mod manifest]
[28dic2025 12:55:51.528] [main/INFO] [net.neoforged.fml.loading.moddiscovery.ModDiscoverer/SCAN]: Found mod file "collective-1.21.4-8.3.jar" [locator: {mods folder locator at C:\Users\Eoweo\Desktop\Minecraft\Minecraft\NeoForge Server\mods}, reader: mod manifest]
[28dic2025 12:55:51.533] [main/INFO] [net.neoforged.fml.loading.moddiscovery.ModDiscoverer/SCAN]: Found mod file "coroutil-neoforge-1.21.4-1.3.8.jar" [locator: {mods folder locator at C:\Users\Eoweo\Desktop\Minecraft\Minecraft\NeoForge Server\mods}, reader: mod manifest]
[28dic2025 12:55:51.537] [main/INFO] [net.neoforged.fml.loading.moddiscovery.ModDiscoverer/SCAN]: Found mod file "CreativeCore_NEOFORGE_v2.12.35_mc1.21.4.jar" [locator: {mods folder locator at C:\Users\Eoweo\Desktop\Minecraft\Minecraft\NeoForge Server\mods}, reader: mod manifest]
[28dic2025 12:55:51.549] [main/INFO] [net.neoforged.fml.loading.moddiscovery.ModDiscoverer/SCAN]: Found mod file "CustomSkinLoader_ForgeV3-14.26.1.jar" [locator: {mods folder locator at C:\Users\Eoweo\Desktop\Minecraft\Minecraft\NeoForge Server\mods}, reader: mod manifest]
[28dic2025 12:55:51.552] [main/INFO] [net.neoforged.fml.loading.moddiscovery.ModDiscoverer/SCAN]: Found mod file "dried_ghast-3.0.1-neoforge-1.21.4.jar" [locator: {mods folder locator at C:\Users\Eoweo\Desktop\Minecraft\Minecraft\NeoForge Server\mods}, reader: mod manifest]
[28dic2025 12:55:51.556] [main/INFO] [net.neoforged.fml.loading.moddiscovery.ModDiscoverer/SCAN]: Found mod file "framework-neoforge-1.21.4-0.10.4.jar" [locator: {mods folder locator at C:\Users\Eoweo\Desktop\Minecraft\Minecraft\NeoForge Server\mods}, reader: mod manifest]
[28dic2025 12:55:51.562] [main/INFO] [net.neoforged.fml.loading.moddiscovery.ModDiscoverer/SCAN]: Found mod file "friendsandfoes-neoforge-4.0.17+mc1.21.4.jar" [locator: {mods folder locator at C:\Users\Eoweo\Desktop\Minecraft\Minecraft\NeoForge Server\mods}, reader: mod manifest]
[28dic2025 12:55:51.566] [main/INFO] [net.neoforged.fml.loading.moddiscovery.ModDiscoverer/SCAN]: Found mod file "GlitchCore-neoforge-1.21.4-2.3.0.4.jar" [locator: {mods folder locator at C:\Users\Eoweo\Desktop\Minecraft\Minecraft\NeoForge Server\mods}, reader: mod manifest]
[28dic2025 12:55:51.569] [main/INFO] [net.neoforged.fml.loading.moddiscovery.ModDiscoverer/SCAN]: Found mod file "goblintraders-neoforge-1.21.4-1.11.1.jar" [locator: {mods folder locator at C:\Users\Eoweo\Desktop\Minecraft\Minecraft\NeoForge Server\mods}, reader: mod manifest]
[28dic2025 12:55:51.574] [main/INFO] [net.neoforged.fml.loading.moddiscovery.ModDiscoverer/SCAN]: Found mod file "jei-1.21.4-neoforge-20.0.0.4.jar" [locator: {mods folder locator at C:\Users\Eoweo\Desktop\Minecraft\Minecraft\NeoForge Server\mods}, reader: mod manifest]
[28dic2025 12:55:51.576] [main/INFO] [net.neoforged.fml.loading.moddiscovery.ModDiscoverer/SCAN]: Found library file "kotlinforforge-5.10.0-all.jar" [locator: {mods folder locator at C:\Users\Eoweo\Desktop\Minecraft\Minecraft\NeoForge Server\mods}, reader: mod manifest]
[28dic2025 12:55:51.580] [main/INFO] [net.neoforged.fml.loading.moddiscovery.ModDiscoverer/SCAN]: Found mod file "lithostitched-neoforge-1.21.4-1.4.5.jar" [locator: {mods folder locator at C:\Users\Eoweo\Desktop\Minecraft\Minecraft\NeoForge Server\mods}, reader: mod manifest]
[28dic2025 12:55:51.583] [main/INFO] [net.neoforged.fml.loading.moddiscovery.ModDiscoverer/SCAN]: Found mod file "midnightlib-neoforge-1.9.1+1.21.5.jar" [locator: {mods folder locator at C:\Users\Eoweo\Desktop\Minecraft\Minecraft\NeoForge Server\mods}, reader: mod manifest]
[28dic2025 12:55:51.586] [main/INFO] [net.neoforged.fml.loading.moddiscovery.ModDiscoverer/SCAN]: Found mod file "noanimaltemptdelay-1.21.4-1.2.jar" [locator: {mods folder locator at C:\Users\Eoweo\Desktop\Minecraft\Minecraft\NeoForge Server\mods}, reader: mod manifest]
[28dic2025 12:55:51.590] [main/INFO] [net.neoforged.fml.loading.moddiscovery.ModDiscoverer/SCAN]: Found mod file "PuzzlesLib-v21.4.14-1.21.4-NeoForge.jar" [locator: {mods folder locator at C:\Users\Eoweo\Desktop\Minecraft\Minecraft\NeoForge Server\mods}, reader: mod manifest]
[28dic2025 12:55:51.594] [main/INFO] [net.neoforged.fml.loading.moddiscovery.ModDiscoverer/SCAN]: Found mod file "ResourcefulLib-neoforge-1.21.4-3.4.5.jar" [locator: {mods folder locator at C:\Users\Eoweo\Desktop\Minecraft\Minecraft\NeoForge Server\mods}, reader: mod manifest]
[28dic2025 12:55:51.598] [main/INFO] [net.neoforged.fml.loading.moddiscovery.ModDiscoverer/SCAN]: Found mod file "Resourcify (1.21.4-neoforge)-1.7.5.jar" [locator: {mods folder locator at C:\Users\Eoweo\Desktop\Minecraft\Minecraft\NeoForge Server\mods}, reader: mod manifest]
[28dic2025 12:55:51.602] [main/INFO] [net.neoforged.fml.loading.moddiscovery.ModDiscoverer/SCAN]: Found mod file "SereneSeasons-neoforge-1.21.4-10.4.0.6.jar" [locator: {mods folder locator at C:\Users\Eoweo\Desktop\Minecraft\Minecraft\NeoForge Server\mods}, reader: mod manifest]
[28dic2025 12:55:51.605] [main/INFO] [net.neoforged.fml.loading.moddiscovery.ModDiscoverer/SCAN]: Found mod file "sleeping-bags-neoforge-1.21.4-1.0.9.jar" [locator: {mods folder locator at C:\Users\Eoweo\Desktop\Minecraft\Minecraft\NeoForge Server\mods}, reader: mod manifest]
[28dic2025 12:55:51.609] [main/INFO] [net.neoforged.fml.loading.moddiscovery.ModDiscoverer/SCAN]: Found mod file "supermartijn642corelib-1.1.18c-neoforge-mc1.21.4.jar" [locator: {mods folder locator at C:\Users\Eoweo\Desktop\Minecraft\Minecraft\NeoForge Server\mods}, reader: mod manifest]
[28dic2025 12:55:51.612] [main/INFO] [net.neoforged.fml.loading.moddiscovery.ModDiscoverer/SCAN]: Found mod file "tectonic-neoforge-1.21.4-2.4.3.jar" [locator: {mods folder locator at C:\Users\Eoweo\Desktop\Minecraft\Minecraft\NeoForge Server\mods}, reader: mod manifest]
[28dic2025 12:55:51.616] [main/INFO] [net.neoforged.fml.loading.moddiscovery.ModDiscoverer/SCAN]: Found mod file "tombstone-neoforge-1.21.4-9.3.10.jar" [locator: {mods folder locator at C:\Users\Eoweo\Desktop\Minecraft\Minecraft\NeoForge Server\mods}, reader: mod manifest]
[28dic2025 12:55:51.619] [main/INFO] [net.neoforged.fml.loading.moddiscovery.ModDiscoverer/SCAN]: Found mod file "watut-neoforge-1.21.4-1.2.5.jar" [locator: {mods folder locator at C:\Users\Eoweo\Desktop\Minecraft\Minecraft\NeoForge Server\mods}, reader: mod manifest]
[28dic2025 12:55:51.622] [main/INFO] [net.neoforged.fml.loading.moddiscovery.ModDiscoverer/SCAN]: Found mod file "yet_another_config_lib_v3-3.7.1+1.21.4-neoforge.jar" [locator: {mods folder locator at C:\Users\Eoweo\Desktop\Minecraft\Minecraft\NeoForge Server\mods}, reader: mod manifest]
[28dic2025 12:55:51.629] [main/INFO] [org.spongepowered.libs.LibraryManager/]: Scanning and verifying libraries in 'C:\Users\Eoweo\Desktop\Minecraft\Minecraft\NeoForge Server\libraries'. Please wait, this may take a moment...
[28dic2025 12:55:51.646] [main/INFO] [net.neoforged.fml.loading.moddiscovery.ModDiscoverer/SCAN]: Found gamelibrary file "aopalliance-1.0.jar" [locator: spongeneo]
[28dic2025 12:55:51.649] [main/INFO] [net.neoforged.fml.loading.moddiscovery.ModDiscoverer/SCAN]: Found gamelibrary file "adventure-text-serializer-legacy-4.18.0.jar" [locator: spongeneo]
[28dic2025 12:55:51.652] [main/INFO] [net.neoforged.fml.loading.moddiscovery.ModDiscoverer/SCAN]: Found gamelibrary file "examination-string-1.3.0.jar" [locator: spongeneo]
[28dic2025 12:55:51.655] [main/INFO] [net.neoforged.fml.loading.moddiscovery.ModDiscoverer/SCAN]: Found gamelibrary file "adventure-text-serializer-json-4.18.0.jar" [locator: spongeneo]
[28dic2025 12:55:51.657] [main/INFO] [net.neoforged.fml.loading.moddiscovery.ModDiscoverer/SCAN]: Found gamelibrary file "javax.inject-1.jar" [locator: spongeneo]
[28dic2025 12:55:51.660] [main/INFO] [net.neoforged.fml.loading.moddiscovery.ModDiscoverer/SCAN]: Found gamelibrary file "examination-api-1.3.0.jar" [locator: spongeneo]
[28dic2025 12:55:51.662] [main/INFO] [net.neoforged.fml.loading.moddiscovery.ModDiscoverer/SCAN]: Found gamelibrary file "adventure-text-serializer-gson-4.18.0.jar" [locator: spongeneo]
[28dic2025 12:55:51.665] [main/INFO] [net.neoforged.fml.loading.moddiscovery.ModDiscoverer/SCAN]: Found gamelibrary file "adventure-key-4.18.0.jar" [locator: spongeneo]
[28dic2025 12:55:51.667] [main/INFO] [net.neoforged.fml.loading.moddiscovery.ModDiscoverer/SCAN]: Found gamelibrary file "geantyref-1.3.16.jar" [locator: spongeneo]
[28dic2025 12:55:51.671] [main/INFO] [net.neoforged.fml.loading.moddiscovery.ModDiscoverer/SCAN]: Found gamelibrary file "configurate-extra-guice-4.2.0.jar" [locator: spongeneo]
[28dic2025 12:55:51.674] [main/INFO] [net.neoforged.fml.loading.moddiscovery.ModDiscoverer/SCAN]: Found gamelibrary file "adventure-serializer-configurate4-4.18.0.jar" [locator: spongeneo]
[28dic2025 12:55:51.676] [main/INFO] [net.neoforged.fml.loading.moddiscovery.ModDiscoverer/SCAN]: Found gamelibrary file "adventure-text-serializer-plain-4.18.0.jar" [locator: spongeneo]
[28dic2025 12:55:51.680] [main/INFO] [net.neoforged.fml.loading.moddiscovery.ModDiscoverer/SCAN]: Found gamelibrary file "configurate-gson-4.2.0.jar" [locator: spongeneo]
[28dic2025 12:55:51.682] [main/INFO] [net.neoforged.fml.loading.moddiscovery.ModDiscoverer/SCAN]: Found gamelibrary file "option-1.1.0.jar" [locator: spongeneo]
[28dic2025 12:55:51.685] [main/INFO] [net.neoforged.fml.loading.moddiscovery.ModDiscoverer/SCAN]: Found gamelibrary file "adventure-text-minimessage-4.18.0.jar" [locator: spongeneo]
[28dic2025 12:55:51.687] [main/INFO] [net.neoforged.fml.loading.moddiscovery.ModDiscoverer/SCAN]: Found gamelibrary file "event-impl-gen-annotations-8.0.0.jar" [locator: spongeneo]
[28dic2025 12:55:51.690] [main/INFO] [net.neoforged.fml.loading.moddiscovery.ModDiscoverer/SCAN]: Found gamelibrary file "math-2.0.1.jar" [locator: spongeneo]
[28dic2025 12:55:51.693] [main/INFO] [net.neoforged.fml.loading.moddiscovery.ModDiscoverer/SCAN]: Found gamelibrary file "adventure-api-4.18.0.jar" [locator: spongeneo]
[28dic2025 12:55:51.697] [main/INFO] [net.neoforged.fml.loading.moddiscovery.ModDiscoverer/SCAN]: Found gamelibrary file "configurate-yaml-4.2.0.jar" [locator: spongeneo]
[28dic2025 12:55:51.702] [main/INFO] [net.neoforged.fml.loading.moddiscovery.ModDiscoverer/SCAN]: Found gamelibrary file "configurate-hocon-4.2.0.jar" [locator: spongeneo]
[28dic2025 12:55:51.706] [main/INFO] [net.neoforged.fml.loading.moddiscovery.ModDiscoverer/SCAN]: Found gamelibrary file "configurate-core-4.2.0.jar" [locator: spongeneo]
[28dic2025 12:55:51.709] [main/INFO] [net.neoforged.fml.loading.moddiscovery.ModDiscoverer/SCAN]: Found gamelibrary file "guice-5.0.1.jar" [locator: spongeneo]
[28dic2025 12:55:51.712] [main/INFO] [net.neoforged.fml.loading.moddiscovery.ModDiscoverer/SCAN]: Found gamelibrary file "caffeine-3.1.8.jar" [locator: spongeneo]
[28dic2025 12:55:51.934] [main/INFO] [net.neoforged.fml.loading.moddiscovery.locators.JarInJarDependencyLocator/]: Found 23 dependencies adding them to mods collection
[28dic2025 12:55:51.934] [main/INFO] [net.neoforged.fml.loading.moddiscovery.ModDiscoverer/SCAN]: Found gamelibrary file "mixinextras-neoforge-0.5.0.jar" [parent: neoforge-21.4.156-universal.jar, locator: jarinjar, reader: mod manifest]
[28dic2025 12:55:51.934] [main/INFO] [net.neoforged.fml.loading.moddiscovery.ModDiscoverer/SCAN]: Found library file "yabn-1.0.3.jar" [parent: ResourcefulLib-neoforge-1.21.4-3.4.5.jar, locator: jarinjar]
[28dic2025 12:55:51.934] [main/INFO] [net.neoforged.fml.loading.moddiscovery.ModDiscoverer/SCAN]: Found library file "json-0.2.1.jar" [parent: yet_another_config_lib_v3-3.7.1+1.21.4-neoforge.jar, locator: jarinjar]
[28dic2025 12:55:51.934] [main/INFO] [net.neoforged.fml.loading.moddiscovery.ModDiscoverer/SCAN]: Found library file "kotlinx-coroutines-jdk8-1.10.2.jar" [parent: kotlinforforge-5.10.0-all.jar, locator: jarinjar]
[28dic2025 12:55:51.934] [main/INFO] [net.neoforged.fml.loading.moddiscovery.ModDiscoverer/SCAN]: Found library file "common-io-3.12.0.jar" [parent: yet_another_config_lib_v3-3.7.1+1.21.4-neoforge.jar, locator: jarinjar]
[28dic2025 12:55:51.934] [main/INFO] [net.neoforged.fml.loading.moddiscovery.ModDiscoverer/SCAN]: Found library file "net.neoforged.neoforge-coremods-21.4.156.jar" [parent: neoforge-21.4.156-universal.jar, locator: jarinjar, reader: mod manifest]
[28dic2025 12:55:51.935] [main/INFO] [net.neoforged.fml.loading.moddiscovery.ModDiscoverer/SCAN]: Found library file "kotlin-stdlib-jdk7-2.2.20.jar" [parent: kotlinforforge-5.10.0-all.jar, locator: jarinjar]
[28dic2025 12:55:51.935] [main/INFO] [net.neoforged.fml.loading.moddiscovery.ModDiscoverer/SCAN]: Found library file "kotlin-stdlib-jdk8-2.2.20.jar" [parent: kotlinforforge-5.10.0-all.jar, locator: jarinjar]
[28dic2025 12:55:51.935] [main/INFO] [net.neoforged.fml.loading.moddiscovery.ModDiscoverer/SCAN]: Found library file "thedarkcolour.kfflang-5.10.0.jar" [parent: kotlinforforge-5.10.0-all.jar, locator: jarinjar, reader: mod manifest]
[28dic2025 12:55:51.935] [main/INFO] [net.neoforged.fml.loading.moddiscovery.ModDiscoverer/SCAN]: Found library file "imageio-metadata-3.12.0.jar" [parent: yet_another_config_lib_v3-3.7.1+1.21.4-neoforge.jar, locator: jarinjar]
[28dic2025 12:55:51.935] [main/INFO] [net.neoforged.fml.loading.moddiscovery.ModDiscoverer/SCAN]: Found library file "imageio-webp-3.12.0.jar" [parent: yet_another_config_lib_v3-3.7.1+1.21.4-neoforge.jar, locator: jarinjar]
[28dic2025 12:55:51.935] [main/INFO] [net.neoforged.fml.loading.moddiscovery.ModDiscoverer/SCAN]: Found gamelibrary file "thedarkcolour.kfflib-5.10.0.jar" [parent: kotlinforforge-5.10.0-all.jar, locator: jarinjar, reader: mod manifest]
[28dic2025 12:55:51.935] [main/INFO] [net.neoforged.fml.loading.moddiscovery.ModDiscoverer/SCAN]: Found library file "kotlinx-serialization-core-jvm-1.9.0.jar" [parent: kotlinforforge-5.10.0-all.jar, locator: jarinjar]
[28dic2025 12:55:51.935] [main/INFO] [net.neoforged.fml.loading.moddiscovery.ModDiscoverer/SCAN]: Found mod file "thedarkcolour.kffmod-5.10.0.jar" [parent: kotlinforforge-5.10.0-all.jar, locator: jarinjar, reader: mod manifest]
[28dic2025 12:55:51.936] [main/INFO] [net.neoforged.fml.loading.moddiscovery.ModDiscoverer/SCAN]: Found library file "gson-0.2.1.jar" [parent: yet_another_config_lib_v3-3.7.1+1.21.4-neoforge.jar, locator: jarinjar]
[28dic2025 12:55:51.936] [main/INFO] [net.neoforged.fml.loading.moddiscovery.ModDiscoverer/SCAN]: Found library file "kotlin-stdlib-2.2.20.jar" [parent: kotlinforforge-5.10.0-all.jar, locator: jarinjar]
[28dic2025 12:55:51.936] [main/INFO] [net.neoforged.fml.loading.moddiscovery.ModDiscoverer/SCAN]: Found library file "kotlin-reflect-2.2.20.jar" [parent: kotlinforforge-5.10.0-all.jar, locator: jarinjar]
[28dic2025 12:55:51.936] [main/INFO] [net.neoforged.fml.loading.moddiscovery.ModDiscoverer/SCAN]: Found library file "common-image-3.12.0.jar" [parent: yet_another_config_lib_v3-3.7.1+1.21.4-neoforge.jar, locator: jarinjar]
[28dic2025 12:55:51.936] [main/INFO] [net.neoforged.fml.loading.moddiscovery.ModDiscoverer/SCAN]: Found library file "bytecodecs-1.1.2.jar" [parent: ResourcefulLib-neoforge-1.21.4-3.4.5.jar, locator: jarinjar]
[28dic2025 12:55:51.936] [main/INFO] [net.neoforged.fml.loading.moddiscovery.ModDiscoverer/SCAN]: Found library file "kotlinx-serialization-json-jvm-1.9.0.jar" [parent: kotlinforforge-5.10.0-all.jar, locator: jarinjar]
[28dic2025 12:55:51.936] [main/INFO] [net.neoforged.fml.loading.moddiscovery.ModDiscoverer/SCAN]: Found library file "common-lang-3.12.0.jar" [parent: yet_another_config_lib_v3-3.7.1+1.21.4-neoforge.jar, locator: jarinjar]
[28dic2025 12:55:51.936] [main/INFO] [net.neoforged.fml.loading.moddiscovery.ModDiscoverer/SCAN]: Found library file "imageio-core-3.12.0.jar" [parent: yet_another_config_lib_v3-3.7.1+1.21.4-neoforge.jar, locator: jarinjar]
[28dic2025 12:55:51.936] [main/INFO] [net.neoforged.fml.loading.moddiscovery.ModDiscoverer/SCAN]: Found library file "kotlinx-coroutines-core-jvm-1.10.2.jar" [parent: kotlinforforge-5.10.0-all.jar, locator: jarinjar]
[28dic2025 12:55:51.939] [main/INFO] [net.neoforged.fml.loading.moddiscovery.ModDiscoverer/]: 
     Mod List:
		Name Version (Mod Id)

		Architectury 15.0.3 (architectury)
		Cloth Config v17 API 17.0.144 (cloth_config)
		Collective 8.3 (collective)
		Corail Tombstone 9.3.10 (tombstone)
		CoroUtil 1.21.4-1.3.8 (coroutil)
		CreativeCore 2.12.35 (creativecore)
		CustomSkinLoader 14.26.1 (customskinloader)
		dried_ghast 1.0.0 (dried_ghast)
		Framework 0.10.4 (framework)
		Friends&Foes 4.0.17 (friendsandfoes)
		GlitchCore 2.3.0.4 (glitchcore)
		Goblin Traders 1.11.1 (goblintraders)
		Just Enough Items 20.0.0.4 (jei)
		Kotlin For Forge 5.10.0 (kotlinforforge)
		Lithostitched 1.4.2 (lithostitched)
		LuckPerms 5.4.152 (luckperms)
		MidnightLib 1.9.1 (midnightlib)
		Minecraft 1.21.4 (minecraft)
		NeoForge 21.4.156 (neoforge)
		No Animal Tempt Delay 1.2 (noanimaltemptdelay)
		Puzzles Lib 21.4.14 (puzzleslib)
		Resourceful Lib 3.4.5 (resourcefullib)
		Resourcify 1.7.5 (resourcify)
		Serene Seasons 10.4.0.6 (sereneseasons)
		SkinsRestorer 15.0.0 (skinsrestorer)
		Sleeping Bags 1.21.4-1.0.9 (sleeping_bags)
		SpongeNeo 1.21.4-21.4.137-14.0.0-RC2464 (spongeneo)
		SuperMartijn642's Core Lib 1.1.18+c (supermartijn642corelib)
		Tectonic 2.4.3 (tectonic)
		What Are They Up To 1.21.4-1.2.5 (watut)
		YetAnotherConfigLib 3.7.1+1.21.4-neoforge (yet_another_config_lib_v3)
[28dic2025 12:55:53.286] [main/INFO] [mixin/]: Compatibility level set to JAVA_17
[28dic2025 12:55:53.294] [main/INFO] [mixin/]: Compatibility level set to JAVA_21
[28dic2025 12:55:53.323] [main/INFO] [cpw.mods.modlauncher.LaunchServiceHandler/MODLAUNCHER]: Launching target 'neoforgeserver' with arguments []
[28dic2025 12:55:53.376] [main/WARN] [mixin/]: Reference map 'lithostitched.refmap.json' for lithostitched.mixins.json could not be read. If this is a development environment you can ignore this message
[28dic2025 12:55:53.376] [main/WARN] [mixin/]: Reference map 'goblintraders.refmap.json' for goblintraders.common.mixins.json could not be read. If this is a development environment you can ignore this message
[28dic2025 12:55:53.377] [main/WARN] [mixin/]: Reference map 'glitchcore.refmap.json' for glitchcore.mixins.json could not be read. If this is a development environment you can ignore this message
[28dic2025 12:55:53.377] [main/WARN] [mixin/]: Reference map 'glitchcore.refmap.json' for glitchcore.neoforge.mixins.json could not be read. If this is a development environment you can ignore this message
[28dic2025 12:55:53.377] [main/WARN] [mixin/]: Reference map 'sereneseasons.refmap.json' for sereneseasons.mixins.json could not be read. If this is a development environment you can ignore this message
[28dic2025 12:55:53.377] [main/WARN] [mixin/]: Reference map 'sereneseasons.refmap.json' for sereneseasons.neoforge.mixins.json could not be read. If this is a development environment you can ignore this message
[28dic2025 12:55:53.378] [main/WARN] [mixin/]: Reference map 'friendsandfoes.refmap.json' for friendsandfoes-neoforge.mixins.json could not be read. If this is a development environment you can ignore this message
[28dic2025 12:55:53.379] [main/WARN] [mixin/]: Reference map 'friendsandfoes.refmap.json' for friendsandfoes-common.mixins.json could not be read. If this is a development environment you can ignore this message
[28dic2025 12:55:53.379] [main/WARN] [mixin/]: Reference map 'tectonic.refmap.json' for tectonic.mixins.json could not be read. If this is a development environment you can ignore this message
[28dic2025 12:55:53.379] [main/WARN] [mixin/]: Reference map 'tectonic.refmap.json' for tectonic.neoforge.mixins.json could not be read. If this is a development environment you can ignore this message
[28dic2025 12:55:53.379] [main/WARN] [mixin/]: Reference map 'creativecore.mixins.refmap.json' for creativecore.mixins.json could not be read. If this is a development environment you can ignore this message
[28dic2025 12:55:53.379] [main/WARN] [mixin/]: Reference map 'creativecore.mixins.refmap.json' for creativecore.forge.mixins.json could not be read. If this is a development environment you can ignore this message
[28dic2025 12:55:53.380] [main/WARN] [mixin/]: Reference map 'supermartijn642corelib.mixins.refmap.json' for supermartijn642corelib.mixins.json could not be read. If this is a development environment you can ignore this message
[28dic2025 12:55:53.382] [main/WARN] [mixin/]: Reference map 'mixins.tombstone.refmap.json' for tombstone.mixins.json could not be read. If this is a development environment you can ignore this message
[28dic2025 12:55:53.382] [main/WARN] [mixin/]: Reference map 'watut.refmap.json' for watut.mixins.json could not be read. If this is a development environment you can ignore this message
[28dic2025 12:55:53.383] [main/WARN] [mixin/]: Reference map 'yet_another_config_lib_v3.refmap.json' for yacl.mixins.json could not be read. If this is a development environment you can ignore this message
[28dic2025 12:55:54.501] [main/INFO] [MixinExtras|Service/]: Initializing MixinExtras via com.llamalad7.mixinextras.service.MixinExtrasServiceImpl(version=0.5.0).
[28dic2025 12:56:00.759] [main/WARN] [mixin/]: Injection warning: LVT in net/minecraft/world/level/BaseSpawner::serverTick(Lnet/minecraft/server/level/ServerLevel;Lnet/minecraft/core/BlockPos;)V has incompatible changes at opcode 65 in callback collective_neoforge.mixins.json:BaseSpawnerMixin from mod collective->@Inject::BaseSpawner_serverTick(Lnet/minecraft/server/level/ServerLevel;Lnet/minecraft/core/BlockPos;Lorg/spongepowered/asm/mixin/injection/callback/CallbackInfo;ZLnet/minecraft/util/RandomSource;Lnet/minecraft/world/level/SpawnData;ILnet/minecraft/nbt/CompoundTag;Ljava/util/Optional;Lnet/minecraft/nbt/ListTag;IDDDLnet/minecraft/core/BlockPos;Lnet/minecraft/world/entity/Entity;ILnet/minecraft/world/entity/Mob;)V.
 Expected: [Z, Lnet/minecraft/util/RandomSource;, Lnet/minecraft/world/level/SpawnData;, I, Lnet/minecraft/nbt/CompoundTag;, Ljava/util/Optional;, Lnet/minecraft/nbt/ListTag;, I, D, D, D, Lnet/minecraft/core/BlockPos;, Lnet/minecraft/world/entity/Entity;, I, Lnet/minecraft/world/entity/Mob;]
    Found: [Z, Lnet/minecraft/util/RandomSource;, Lnet/minecraft/world/level/SpawnData;, I]
Available: [Z, Lnet/minecraft/util/RandomSource;, Lnet/minecraft/world/level/SpawnData;, I]
[28dic2025 12:56:02.148] [modloading-worker-0/INFO] [YetAnotherConfigLib/]: Deserializing FriendsAndFoesConfig from 'config\friendsandfoes.json'
[28dic2025 12:56:02.153] [modloading-worker-0/INFO] [Collective/]: Loading Collective version 8.3.
[28dic2025 12:56:02.173] [modloading-worker-0/INFO] [coroutil/]: neo forge loader environment detected
[28dic2025 12:56:02.181] [modloading-worker-0/INFO] [net.neoforged.neoforge.common.NeoForgeMod/NEOFORGE-MOD]: NeoForge mod loading, version 21.4.156, for MC 1.21.4
[28dic2025 12:56:02.199] [modloading-worker-0/INFO] [YetAnotherConfigLib/]: Deserializing YACLConfig from 'C:\Users\Eoweo\Desktop\Minecraft\Minecraft\NeoForge Server\config\yacl.json5'
[28dic2025 12:56:02.284] [modloading-worker-0/INFO] [Puzzles Lib/]: Constructing common components for puzzleslib:main
[28dic2025 12:56:02.311] [modloading-worker-0/INFO] [glitchcore/]: Registered synced config with path sereneseasons/fertility.toml
[28dic2025 12:56:02.311] [modloading-worker-0/INFO] [glitchcore/]: Registered synced config with path sereneseasons/seasons.toml
[28dic2025 12:56:02.409] [modloading-worker-0/INFO] [thedarkcolour.kotlinforforge.neoforge.test.KotlinForForge/]: Kotlin For Forge Enabled!
[28dic2025 12:56:02.608] [modloading-sync-worker/INFO] [luckperms/]:         __    
[28dic2025 12:56:02.608] [modloading-sync-worker/INFO] [luckperms/]:   |    |__)   LuckPerms v5.4.152
[28dic2025 12:56:02.609] [modloading-sync-worker/INFO] [luckperms/]:   |___ |      Running on Sponge - SpongeNeo
[28dic2025 12:56:02.609] [modloading-sync-worker/INFO] [luckperms/]: 
[28dic2025 12:56:02.609] [modloading-sync-worker/INFO] [luckperms/]: Loading configuration...
[28dic2025 12:56:02.791] [modloading-sync-worker/INFO] [luckperms/]: Loading storage provider... [H2]
[28dic2025 12:56:03.010] [modloading-sync-worker/INFO] [luckperms/]: Loading internal permission managers...
[28dic2025 12:56:03.039] [modloading-sync-worker/INFO] [luckperms/]: Performing initial data load...
[28dic2025 12:56:03.076] [modloading-sync-worker/INFO] [luckperms/]: Successfully enabled. (took 507ms)
[28dic2025 12:56:03.158] [modloading-sync-worker/INFO] [skinsrestorer/]: 
Plugin SkinsRestorer is using bStats Metrics  but currently has data sending disabled.
To change the enabled/disabled state of any bStats use in a plugin, visit the Sponge config!
[28dic2025 12:56:03.312] [modloading-sync-worker/INFO] [skinsrestorer/]: Dear server admin, in order to help us decide whether we should continue supporting Sponge for SkinsRestorer, consider enabling metrics by executing /sponge metrics skinsrestorer enable[0;39m
[28dic2025 12:56:03.373] [modloading-sync-worker/INFO] [sponge/]: Registered service [PaginationService] to plugin 'sponge'.
[28dic2025 12:56:04.105] [Sponge-AsyncScheduler-3/INFO] [skinsrestorer/]: [32;1m----------------------------------------------[0;39m
[28dic2025 12:56:04.106] [Sponge-AsyncScheduler-3/INFO] [skinsrestorer/]: [32;1m    +==================+[0;39m
[28dic2025 12:56:04.106] [Sponge-AsyncScheduler-3/INFO] [skinsrestorer/]: [32;1m    |   SkinsRestorer  |[0;39m
[28dic2025 12:56:04.106] [Sponge-AsyncScheduler-3/INFO] [skinsrestorer/]: [32;1m    |------------------|[0;39m
[28dic2025 12:56:04.106] [Sponge-AsyncScheduler-3/INFO] [skinsrestorer/]: [32;1m    |  [34;1m[4m[21mStandalone Mode[0;39m[32;1m |[0;39m
[28dic2025 12:56:04.106] [Sponge-AsyncScheduler-3/INFO] [skinsrestorer/]: [32;1m    +==================+[0;39m
[28dic2025 12:56:04.107] [Sponge-AsyncScheduler-3/INFO] [skinsrestorer/]: [32;1m----------------------------------------------[0;39m
[28dic2025 12:56:04.107] [Sponge-AsyncScheduler-3/INFO] [skinsrestorer/]: [36;1m    Current version: [31;1m15.0.0[0;39m
[28dic2025 12:56:04.107] [Sponge-AsyncScheduler-3/INFO] [skinsrestorer/]: [36;1m    Commit: [32;1m75ced93[0;39m
[28dic2025 12:56:04.107] [Sponge-AsyncScheduler-3/INFO] [skinsrestorer/]: [36;1m    New version: [31;1m15.9.1[0;39m
[28dic2025 12:56:04.107] [Sponge-AsyncScheduler-3/INFO] [skinsrestorer/]: [33;1m    A new version is available! Download it at:[0;39m
[28dic2025 12:56:04.107] [Sponge-AsyncScheduler-3/INFO] [skinsrestorer/]: [33;1m    https://github.com/SkinsRestorer/SkinsRestorer/releases/download/15.9.1/SkinsRestorer.jar[0;39m
[28dic2025 12:56:04.108] [Sponge-AsyncScheduler-3/INFO] [skinsrestorer/]: [32;1m----------------------------------------------[0;39m
[28dic2025 12:56:04.339] [modloading-worker-0/INFO] [spongeneo/]: SpongeNeo v1.21.4-21.4.137-14.0.0-RC2464 initialized
[28dic2025 12:56:04.369] [NeoForge Version Check/INFO] [net.neoforged.fml.VersionChecker/]: [goblintraders] Starting version check at https://mrcrayfish.com/api/mod_update/neoforge/goblintraders
[28dic2025 12:56:04.463] [main/WARN] [net.neoforged.neoforge.server.loading.ServerModLoader/LOADING]: Mods loaded with 1 issues
[28dic2025 12:56:04.464] [main/WARN] [net.neoforged.neoforge.server.loading.ServerModLoader/LOADING]: fml.modloadingissue.brokenfile.oldforge [[]]
[28dic2025 12:56:04.486] [main/INFO] [com.mojang.authlib.yggdrasil.YggdrasilAuthenticationService/]: Environment: Environment[sessionHost=https://sessionserver.mojang.com, servicesHost=https://api.minecraftservices.com, name=PROD]
[28dic2025 12:56:04.574] [main/WARN] [net.minecraft.server.packs.VanillaPackResourcesBuilder/]: Assets URL 'union:/C:/Users/Eoweo/Desktop/Minecraft/Minecraft/NeoForge%20Server/libraries/net/minecraft/server/1.21.4-20241203.161809/server-1.21.4-20241203.161809-srg.jar%23169!/assets/.mcassetsroot' uses unexpected schema
[28dic2025 12:56:04.574] [main/WARN] [net.minecraft.server.packs.VanillaPackResourcesBuilder/]: Assets URL 'union:/C:/Users/Eoweo/Desktop/Minecraft/Minecraft/NeoForge%20Server/libraries/net/minecraft/server/1.21.4-20241203.161809/server-1.21.4-20241203.161809-srg.jar%23169!/data/.mcassetsroot' uses unexpected schema
[28dic2025 12:56:04.620] [NeoForge Version Check/WARN] [net.neoforged.fml.VersionChecker/]: Failed to process update information
com.google.gson.JsonSyntaxException: java.lang.IllegalStateException: Expected BEGIN_OBJECT but was STRING at line 1 column 1 path $
See https://github.com/google/gson/blob/main/Troubleshooting.md#unexpected-json-structure
	at MC-BOOTSTRAP/com.google.gson@2.11.0/com.google.gson.Gson.fromJson(Gson.java:1372) ~[gson-2.11.0.jar%23103!/:?]
	at MC-BOOTSTRAP/com.google.gson@2.11.0/com.google.gson.Gson.fromJson(Gson.java:1262) ~[gson-2.11.0.jar%23103!/:?]
	at MC-BOOTSTRAP/com.google.gson@2.11.0/com.google.gson.Gson.fromJson(Gson.java:1171) ~[gson-2.11.0.jar%23103!/:?]
	at MC-BOOTSTRAP/com.google.gson@2.11.0/com.google.gson.Gson.fromJson(Gson.java:1107) ~[gson-2.11.0.jar%23103!/:?]
	at MC-BOOTSTRAP/fml_loader@6.0.18/net.neoforged.fml.VersionChecker$1.process(VersionChecker.java:167) [loader-6.0.18.jar%2371!/:6.0]
	at java.base/java.lang.Iterable.forEach(Iterable.java:75) [?:?]
	at MC-BOOTSTRAP/fml_loader@6.0.18/net.neoforged.fml.VersionChecker$1.run(VersionChecker.java:105) [loader-6.0.18.jar%2371!/:6.0]
Caused by: java.lang.IllegalStateException: Expected BEGIN_OBJECT but was STRING at line 1 column 1 path $
See https://github.com/google/gson/blob/main/Troubleshooting.md#unexpected-json-structure
	at MC-BOOTSTRAP/com.google.gson@2.11.0/com.google.gson.stream.JsonReader.unexpectedTokenError(JsonReader.java:1768) ~[gson-2.11.0.jar%23103!/:?]
	at MC-BOOTSTRAP/com.google.gson@2.11.0/com.google.gson.stream.JsonReader.beginObject(JsonReader.java:469) ~[gson-2.11.0.jar%23103!/:?]
	at MC-BOOTSTRAP/com.google.gson@2.11.0/com.google.gson.internal.bind.MapTypeAdapterFactory$Adapter.read(MapTypeAdapterFactory.java:196) ~[gson-2.11.0.jar%23103!/:?]
	at MC-BOOTSTRAP/com.google.gson@2.11.0/com.google.gson.internal.bind.MapTypeAdapterFactory$Adapter.read(MapTypeAdapterFactory.java:154) ~[gson-2.11.0.jar%23103!/:?]
	at MC-BOOTSTRAP/com.google.gson@2.11.0/com.google.gson.Gson.fromJson(Gson.java:1361) ~[gson-2.11.0.jar%23103!/:?]
	... 6 more
[28dic2025 12:56:04.621] [NeoForge Version Check/INFO] [net.neoforged.fml.VersionChecker/]: [sleeping_bags] Starting version check at https://update.maxhenkel.de/neoforge/sleeping_bags
[28dic2025 12:56:05.381] [NeoForge Version Check/INFO] [net.neoforged.fml.VersionChecker/]: [sleeping_bags] Found status: BETA Current: 1.21.4-1.0.9 Target: 1.21.4-1.0.9
[28dic2025 12:56:05.383] [NeoForge Version Check/INFO] [net.neoforged.fml.VersionChecker/]: [tombstone] Starting version check at https://raw.githubusercontent.com/Corail31/tombstone_lite/master/neoforge-update.json
[28dic2025 12:56:05.461] [NeoForge Version Check/INFO] [net.neoforged.fml.VersionChecker/]: [tombstone] Found status: UP_TO_DATE Current: 9.3.10 Target: null
[28dic2025 12:56:05.462] [NeoForge Version Check/INFO] [net.neoforged.fml.VersionChecker/]: [puzzleslib] Starting version check at https://raw.githubusercontent.com/Fuzss/modresources/main/update/puzzleslib.json
[28dic2025 12:56:05.468] [NeoForge Version Check/INFO] [net.neoforged.fml.VersionChecker/]: [puzzleslib] Found status: UP_TO_DATE Current: 21.4.14 Target: null
[28dic2025 12:56:05.468] [NeoForge Version Check/INFO] [net.neoforged.fml.VersionChecker/]: [framework] Starting version check at https://mrcrayfish.com/modupdatejson?id=framework
[28dic2025 12:56:05.528] [NeoForge Version Check/WARN] [net.neoforged.fml.VersionChecker/]: Failed to process update information
com.google.gson.JsonSyntaxException: java.lang.IllegalStateException: Expected BEGIN_OBJECT but was STRING at line 1 column 1 path $
See https://github.com/google/gson/blob/main/Troubleshooting.md#unexpected-json-structure
	at MC-BOOTSTRAP/com.google.gson@2.11.0/com.google.gson.Gson.fromJson(Gson.java:1372) ~[gson-2.11.0.jar%23103!/:?]
	at MC-BOOTSTRAP/com.google.gson@2.11.0/com.google.gson.Gson.fromJson(Gson.java:1262) ~[gson-2.11.0.jar%23103!/:?]
	at MC-BOOTSTRAP/com.google.gson@2.11.0/com.google.gson.Gson.fromJson(Gson.java:1171) ~[gson-2.11.0.jar%23103!/:?]
	at MC-BOOTSTRAP/com.google.gson@2.11.0/com.google.gson.Gson.fromJson(Gson.java:1107) ~[gson-2.11.0.jar%23103!/:?]
	at MC-BOOTSTRAP/fml_loader@6.0.18/net.neoforged.fml.VersionChecker$1.process(VersionChecker.java:167) [loader-6.0.18.jar%2371!/:6.0]
	at java.base/java.lang.Iterable.forEach(Iterable.java:75) [?:?]
	at MC-BOOTSTRAP/fml_loader@6.0.18/net.neoforged.fml.VersionChecker$1.run(VersionChecker.java:105) [loader-6.0.18.jar%2371!/:6.0]
Caused by: java.lang.IllegalStateException: Expected BEGIN_OBJECT but was STRING at line 1 column 1 path $
See https://github.com/google/gson/blob/main/Troubleshooting.md#unexpected-json-structure
	at MC-BOOTSTRAP/com.google.gson@2.11.0/com.google.gson.stream.JsonReader.unexpectedTokenError(JsonReader.java:1768) ~[gson-2.11.0.jar%23103!/:?]
	at MC-BOOTSTRAP/com.google.gson@2.11.0/com.google.gson.stream.JsonReader.beginObject(JsonReader.java:469) ~[gson-2.11.0.jar%23103!/:?]
	at MC-BOOTSTRAP/com.google.gson@2.11.0/com.google.gson.internal.bind.MapTypeAdapterFactory$Adapter.read(MapTypeAdapterFactory.java:196) ~[gson-2.11.0.jar%23103!/:?]
	at MC-BOOTSTRAP/com.google.gson@2.11.0/com.google.gson.internal.bind.MapTypeAdapterFactory$Adapter.read(MapTypeAdapterFactory.java:154) ~[gson-2.11.0.jar%23103!/:?]
	at MC-BOOTSTRAP/com.google.gson@2.11.0/com.google.gson.Gson.fromJson(Gson.java:1361) ~[gson-2.11.0.jar%23103!/:?]
	... 6 more
[28dic2025 12:56:06.072] [main/INFO] [net.minecraft.world.item.crafting.RecipeManager/]: Loaded 1535 recipes
[28dic2025 12:56:06.095] [main/INFO] [net.minecraft.advancements.AdvancementTree/]: Loaded 1751 advancements
[28dic2025 12:56:06.098] [main/INFO] [net.neoforged.neoforge.common.crafting.RecipePriorityManager/]: Loaded 0 recipe priority overrides
[28dic2025 12:56:06.099] [main/INFO] [friendsandfoes/]: Loaded 1 moobloom variants
[28dic2025 12:56:06.100] [main/INFO] [friendsandfoes/]: Loaded 32 entity animations
[28dic2025 12:56:06.754] [Server thread/INFO] [net.minecraft.server.dedicated.DedicatedServer/]: Starting minecraft server version 1.21.4
[28dic2025 12:56:06.755] [Server thread/INFO] [net.minecraft.server.dedicated.DedicatedServer/]: Loading properties
[28dic2025 12:56:06.755] [Server thread/INFO] [net.minecraft.server.dedicated.DedicatedServer/]: Default game type: SURVIVAL
[28dic2025 12:56:06.755] [Server thread/INFO] [net.minecraft.server.MinecraftServer/]: Generating keypair
[28dic2025 12:56:06.789] [Server thread/INFO] [net.minecraft.server.dedicated.DedicatedServer/]: Starting Minecraft server on *:25565
[28dic2025 12:56:06.846] [Server thread/INFO] [net.minecraft.server.network.ServerConnectionListener/]: Using default channel type
[28dic2025 12:56:06.879] [Server thread/WARN] [net.minecraft.server.dedicated.DedicatedServer/]: **** SERVER IS RUNNING IN OFFLINE/INSECURE MODE!
[28dic2025 12:56:06.880] [Server thread/WARN] [net.minecraft.server.dedicated.DedicatedServer/]: The server will make no attempt to authenticate usernames. Beware.
[28dic2025 12:56:06.880] [Server thread/WARN] [net.minecraft.server.dedicated.DedicatedServer/]: While this makes the game possible to play without internet access, it also opens up the ability for hackers to connect with any username they choose.
[28dic2025 12:56:06.880] [Server thread/WARN] [net.minecraft.server.dedicated.DedicatedServer/]: To change this, set "online-mode" to "true" in the server.properties file.
[28dic2025 12:56:06.924] [Server thread/INFO] [Framework/]: Loading server configs...
[28dic2025 12:56:06.931] [Server thread/INFO] [sponge/]: Registered service [BanService] to plugin 'sponge'.
[28dic2025 12:56:06.931] [Server thread/INFO] [sponge/]: Registered service [ContextService] to plugin 'luckperms'.
[28dic2025 12:56:06.932] [Server thread/INFO] [sponge/]: Registered service [PermissionService] to plugin 'luckperms'.
[28dic2025 12:56:06.933] [Server thread/INFO] [sponge/]: Registered service [WhitelistService] to plugin 'sponge'.
[28dic2025 12:56:06.958] [Server thread/INFO] [net.minecraft.server.dedicated.DedicatedServer/]: Preparing level "world"
[28dic2025 12:56:07.558] [Server thread/INFO] [net.minecraft.server.MinecraftServer/]: Loading world 'minecraft:the_nether'
[28dic2025 12:56:07.586] [Server thread/INFO] [net.minecraft.server.MinecraftServer/]: Loading world 'minecraft:the_end'
[28dic2025 12:56:07.601] [Server thread/INFO] [net.minecraft.server.MinecraftServer/]: Preparing start region for dimension minecraft:overworld
[28dic2025 12:56:08.295] [Worker-Main-3/INFO] [net.minecraft.server.level.progress.LoggerChunkProgressListener/]: Preparing spawn area: 0%
[28dic2025 12:56:08.296] [Worker-Main-3/INFO] [net.minecraft.server.level.progress.LoggerChunkProgressListener/]: Preparing spawn area: 0%
[28dic2025 12:56:08.397] [Server thread/INFO] [net.minecraft.server.level.progress.LoggerChunkProgressListener/]: Time elapsed: 796 ms
[28dic2025 12:56:08.398] [Server thread/INFO] [net.minecraft.server.MinecraftServer/]: Preparing start region for dimension minecraft:the_nether
[28dic2025 12:56:08.426] [Worker-Main-13/INFO] [net.minecraft.server.level.progress.LoggerChunkProgressListener/]: Preparing spawn area: 0%
[28dic2025 12:56:08.470] [Server thread/INFO] [net.minecraft.server.level.progress.LoggerChunkProgressListener/]: Time elapsed: 72 ms
[28dic2025 12:56:08.470] [Server thread/INFO] [net.minecraft.server.MinecraftServer/]: Preparing start region for dimension minecraft:the_end
[28dic2025 12:56:08.499] [Worker-Main-15/INFO] [net.minecraft.server.level.progress.LoggerChunkProgressListener/]: Preparing spawn area: 0%
[28dic2025 12:56:08.528] [Server thread/INFO] [net.minecraft.server.level.progress.LoggerChunkProgressListener/]: Time elapsed: 57 ms
[28dic2025 12:56:08.529] [Server thread/INFO] [net.minecraft.server.dedicated.DedicatedServer/]: Done (1.636s)! For help, type "help"
[28dic2025 12:56:08.569] [Server thread/INFO] [net.neoforged.neoforge.server.permission.PermissionAPI/]: Successfully initialized permission handler neoforge:default_handler
[28dic2025 12:57:08.526] [Server thread/INFO] [net.minecraft.server.MinecraftServer/]: Server empty for 60 seconds, pausing
[28dic2025 12:59:03.122] [Server thread/INFO] [net.minecraft.server.players.PlayerList/]: soybackano[ServerPlayer['soybackano'/201, l='ServerLevel[key=ResourceKey[minecraft:dimension / minecraft:the_nether],worldType=minecraft:the_nether]', x=-354.04, y=15.00, z=-157.05]] logged in to world 'minecraft:the_nether' with entity id 201 at (-354.0434684780869, 15.0, -157.04569481058184)
[28dic2025 13:08:05.578] [Server thread/WARN] [sponge/]: Ignoring slot transaction on InventoryMenu during EntityTickContext. SlotTransaction[slot=SlotAdapter[ordinal=38], original=SpongeItemStackSnapshot[itemType=minecraft:netherite_pickaxe, quantity=1], default=SpongeItemStackSnapshot[itemType=minecraft:netherite_pickaxe, quantity=1], custom=Optional.empty, valid=true]
No Event will be fired for this
[28dic2025 13:11:10.978] [Server thread/WARN] [sponge/]: Ignoring slot transaction on InventoryMenu during EntityTickContext. SlotTransaction[slot=SlotAdapter[ordinal=38], original=SpongeItemStackSnapshot[itemType=minecraft:netherite_pickaxe, quantity=1], default=SpongeItemStackSnapshot[itemType=minecraft:netherite_pickaxe, quantity=1], custom=Optional.empty, valid=true]
No Event will be fired for this
[28dic2025 13:31:59.088] [Server thread/INFO] [net.minecraft.server.network.ServerGamePacketListenerImpl/]: soybackano lost connection: Disconnected
[28dic2025 13:31:59.090] [Server thread/INFO] [net.minecraft.server.MinecraftServer/]: soybackano left the game
[28dic2025 13:32:59.076] [Server thread/INFO] [net.minecraft.server.MinecraftServer/]: Server empty for 60 seconds, pausing
[28dic2025 14:49:59.919] [Server thread/INFO] [net.minecraft.server.players.PlayerList/]: Coco_GW25[ServerPlayer['Coco_GW25'/11332, l='ServerLevel[key=ResourceKey[minecraft:dimension / minecraft:overworld],worldType=minecraft:overworld]', x=-449.19, y=81.00, z=-128.30]] logged in to world 'minecraft:overworld' with entity id 11332 at (-449.1873140638723, 81.0, -128.30000001192093)
[28dic2025 15:03:02.331] [Server thread/WARN] [sponge/]: Ignoring slot transaction on InventoryMenu during EntityTickContext. SlotTransaction[slot=SlotAdapter[ordinal=5], original=SpongeItemStackSnapshot[itemType=minecraft:diamond_helmet, quantity=1], default=SpongeItemStackSnapshot[itemType=minecraft:diamond_helmet, quantity=1], custom=Optional.empty, valid=true]
No Event will be fired for this
[28dic2025 15:03:02.332] [Server thread/WARN] [sponge/]: Ignoring slot transaction on InventoryMenu during EntityTickContext. SlotTransaction[slot=SlotAdapter[ordinal=6], original=SpongeItemStackSnapshot[itemType=minecraft:diamond_chestplate, quantity=1], default=SpongeItemStackSnapshot[itemType=minecraft:diamond_chestplate, quantity=1], custom=Optional.empty, valid=true]
No Event will be fired for this
[28dic2025 15:03:02.333] [Server thread/WARN] [sponge/]: Ignoring slot transaction on InventoryMenu during EntityTickContext. SlotTransaction[slot=SlotAdapter[ordinal=7], original=SpongeItemStackSnapshot[itemType=minecraft:diamond_leggings, quantity=1], default=SpongeItemStackSnapshot[itemType=minecraft:diamond_leggings, quantity=1], custom=Optional.empty, valid=true]
No Event will be fired for this
[28dic2025 15:03:02.334] [Server thread/WARN] [sponge/]: Ignoring slot transaction on InventoryMenu during EntityTickContext. SlotTransaction[slot=SlotAdapter[ordinal=8], original=SpongeItemStackSnapshot[itemType=minecraft:diamond_boots, quantity=1], default=SpongeItemStackSnapshot[itemType=minecraft:diamond_boots, quantity=1], custom=Optional.empty, valid=true]
No Event will be fired for this
[28dic2025 15:03:02.880] [Server thread/WARN] [sponge/]: Ignoring slot transaction on InventoryMenu during EntityTickContext. SlotTransaction[slot=SlotAdapter[ordinal=5], original=SpongeItemStackSnapshot[itemType=minecraft:diamond_helmet, quantity=1], default=SpongeItemStackSnapshot[itemType=minecraft:diamond_helmet, quantity=1], custom=Optional.empty, valid=true]
No Event will be fired for this
[28dic2025 15:03:02.881] [Server thread/WARN] [sponge/]: Ignoring slot transaction on InventoryMenu during EntityTickContext. SlotTransaction[slot=SlotAdapter[ordinal=6], original=SpongeItemStackSnapshot[itemType=minecraft:diamond_chestplate, quantity=1], default=SpongeItemStackSnapshot[itemType=minecraft:diamond_chestplate, quantity=1], custom=Optional.empty, valid=true]
No Event will be fired for this
[28dic2025 15:03:02.882] [Server thread/WARN] [sponge/]: Ignoring slot transaction on InventoryMenu during EntityTickContext. SlotTransaction[slot=SlotAdapter[ordinal=8], original=SpongeItemStackSnapshot[itemType=minecraft:diamond_boots, quantity=1], default=SpongeItemStackSnapshot[itemType=minecraft:diamond_boots, quantity=1], custom=Optional.empty, valid=true]
No Event will be fired for this
[28dic2025 15:03:14.130] [Server thread/WARN] [sponge/]: Ignoring slot transaction on InventoryMenu during EntityTickContext. SlotTransaction[slot=SlotAdapter[ordinal=5], original=SpongeItemStackSnapshot[itemType=minecraft:diamond_helmet, quantity=1], default=SpongeItemStackSnapshot[itemType=minecraft:diamond_helmet, quantity=1], custom=Optional.empty, valid=true]
No Event will be fired for this
[28dic2025 15:03:14.130] [Server thread/WARN] [sponge/]: Ignoring slot transaction on InventoryMenu during EntityTickContext. SlotTransaction[slot=SlotAdapter[ordinal=6], original=SpongeItemStackSnapshot[itemType=minecraft:diamond_chestplate, quantity=1], default=SpongeItemStackSnapshot[itemType=minecraft:diamond_chestplate, quantity=1], custom=Optional.empty, valid=true]
No Event will be fired for this
[28dic2025 15:03:14.131] [Server thread/WARN] [sponge/]: Ignoring slot transaction on InventoryMenu during EntityTickContext. SlotTransaction[slot=SlotAdapter[ordinal=7], original=SpongeItemStackSnapshot[itemType=minecraft:diamond_leggings, quantity=1], default=SpongeItemStackSnapshot[itemType=minecraft:diamond_leggings, quantity=1], custom=Optional.empty, valid=true]
No Event will be fired for this
[28dic2025 15:03:14.131] [Server thread/WARN] [sponge/]: Ignoring slot transaction on InventoryMenu during EntityTickContext. SlotTransaction[slot=SlotAdapter[ordinal=8], original=SpongeItemStackSnapshot[itemType=minecraft:diamond_boots, quantity=1], default=SpongeItemStackSnapshot[itemType=minecraft:diamond_boots, quantity=1], custom=Optional.empty, valid=true]
No Event will be fired for this
[28dic2025 15:03:18.884] [Server thread/WARN] [sponge/]: Ignoring slot transaction on InventoryMenu during EntityTickContext. SlotTransaction[slot=SlotAdapter[ordinal=5], original=SpongeItemStackSnapshot[itemType=minecraft:diamond_helmet, quantity=1], default=SpongeItemStackSnapshot[itemType=minecraft:diamond_helmet, quantity=1], custom=Optional.empty, valid=true]
No Event will be fired for this
[28dic2025 15:03:18.885] [Server thread/WARN] [sponge/]: Ignoring slot transaction on InventoryMenu during EntityTickContext. SlotTransaction[slot=SlotAdapter[ordinal=6], original=SpongeItemStackSnapshot[itemType=minecraft:diamond_chestplate, quantity=1], default=SpongeItemStackSnapshot[itemType=minecraft:diamond_chestplate, quantity=1], custom=Optional.empty, valid=true]
No Event will be fired for this
[28dic2025 15:03:18.885] [Server thread/WARN] [sponge/]: Ignoring slot transaction on InventoryMenu during EntityTickContext. SlotTransaction[slot=SlotAdapter[ordinal=8], original=SpongeItemStackSnapshot[itemType=minecraft:diamond_boots, quantity=1], default=SpongeItemStackSnapshot[itemType=minecraft:diamond_boots, quantity=1], custom=Optional.empty, valid=true]
No Event will be fired for this
[28dic2025 15:06:41.678] [Server thread/WARN] [sponge/]: Ignoring slot transaction on InventoryMenu during EntityTickContext. SlotTransaction[slot=SlotAdapter[ordinal=5], original=SpongeItemStackSnapshot[itemType=minecraft:diamond_helmet, quantity=1], default=SpongeItemStackSnapshot[itemType=minecraft:diamond_helmet, quantity=1], custom=Optional.empty, valid=true]
No Event will be fired for this
[28dic2025 15:06:41.679] [Server thread/WARN] [sponge/]: Ignoring slot transaction on InventoryMenu during EntityTickContext. SlotTransaction[slot=SlotAdapter[ordinal=6], original=SpongeItemStackSnapshot[itemType=minecraft:diamond_chestplate, quantity=1], default=SpongeItemStackSnapshot[itemType=minecraft:diamond_chestplate, quantity=1], custom=Optional.empty, valid=true]
No Event will be fired for this
[28dic2025 15:06:41.679] [Server thread/WARN] [sponge/]: Ignoring slot transaction on InventoryMenu during EntityTickContext. SlotTransaction[slot=SlotAdapter[ordinal=7], original=SpongeItemStackSnapshot[itemType=minecraft:diamond_leggings, quantity=1], default=SpongeItemStackSnapshot[itemType=minecraft:diamond_leggings, quantity=1], custom=Optional.empty, valid=true]
No Event will be fired for this
[28dic2025 15:06:41.680] [Server thread/WARN] [sponge/]: Ignoring slot transaction on InventoryMenu during EntityTickContext. SlotTransaction[slot=SlotAdapter[ordinal=8], original=SpongeItemStackSnapshot[itemType=minecraft:diamond_boots, quantity=1], default=SpongeItemStackSnapshot[itemType=minecraft:diamond_boots, quantity=1], custom=Optional.empty, valid=true]
No Event will be fired for this
[28dic2025 15:11:00.379] [Server thread/WARN] [sponge/]: Ignoring slot transaction on InventoryMenu during EntityTickContext. SlotTransaction[slot=SlotAdapter[ordinal=5], original=SpongeItemStackSnapshot[itemType=minecraft:diamond_helmet, quantity=1], default=SpongeItemStackSnapshot[itemType=minecraft:diamond_helmet, quantity=1], custom=Optional.empty, valid=true]
No Event will be fired for this
[28dic2025 15:11:00.380] [Server thread/WARN] [sponge/]: Ignoring slot transaction on InventoryMenu during EntityTickContext. SlotTransaction[slot=SlotAdapter[ordinal=6], original=SpongeItemStackSnapshot[itemType=minecraft:diamond_chestplate, quantity=1], default=SpongeItemStackSnapshot[itemType=minecraft:diamond_chestplate, quantity=1], custom=Optional.empty, valid=true]
No Event will be fired for this
[28dic2025 15:11:00.381] [Server thread/WARN] [sponge/]: Ignoring slot transaction on InventoryMenu during EntityTickContext. SlotTransaction[slot=SlotAdapter[ordinal=7], original=SpongeItemStackSnapshot[itemType=minecraft:diamond_leggings, quantity=1], default=SpongeItemStackSnapshot[itemType=minecraft:diamond_leggings, quantity=1], custom=Optional.empty, valid=true]
No Event will be fired for this
[28dic2025 15:11:00.381] [Server thread/WARN] [sponge/]: Ignoring slot transaction on InventoryMenu during EntityTickContext. SlotTransaction[slot=SlotAdapter[ordinal=8], original=SpongeItemStackSnapshot[itemType=minecraft:diamond_boots, quantity=1], default=SpongeItemStackSnapshot[itemType=minecraft:diamond_boots, quantity=1], custom=Optional.empty, valid=true]
No Event will be fired for this
[28dic2025 15:14:15.399] [Server thread/WARN] [net.minecraft.server.network.ServerGamePacketListenerImpl/]: Coco_GW25 moved too quickly! -3.5541604194660295,2.580000013113022,9.200813477822095
[28dic2025 15:16:42.232] [Server thread/INFO] [net.minecraft.server.network.ServerGamePacketListenerImpl/]: Coco_GW25 lost connection: Disconnected
[28dic2025 15:16:42.233] [Server thread/INFO] [net.minecraft.server.MinecraftServer/]: Coco_GW25 left the game
[28dic2025 15:17:42.226] [Server thread/INFO] [net.minecraft.server.MinecraftServer/]: Server empty for 60 seconds, pausing
[28dic2025 16:24:04.177] [Sponge-AsyncScheduler-73/INFO] [skinsrestorer/]: [32;1m----------------------------------------------[0;39m
[28dic2025 16:24:04.178] [Sponge-AsyncScheduler-73/INFO] [skinsrestorer/]: [32;1m    +==================+[0;39m
[28dic2025 16:24:04.178] [Sponge-AsyncScheduler-73/INFO] [skinsrestorer/]: [32;1m    |   SkinsRestorer  |[0;39m
[28dic2025 16:24:04.178] [Sponge-AsyncScheduler-73/INFO] [skinsrestorer/]: [32;1m    |------------------|[0;39m
[28dic2025 16:24:04.179] [Sponge-AsyncScheduler-73/INFO] [skinsrestorer/]: [32;1m    |  [34;1m[4m[21mStandalone Mode[0;39m[32;1m |[0;39m
[28dic2025 16:24:04.179] [Sponge-AsyncScheduler-73/INFO] [skinsrestorer/]: [32;1m    +==================+[0;39m
[28dic2025 16:24:04.179] [Sponge-AsyncScheduler-73/INFO] [skinsrestorer/]: [32;1m----------------------------------------------[0;39m
[28dic2025 16:24:04.179] [Sponge-AsyncScheduler-73/INFO] [skinsrestorer/]: [36;1m    Current version: [31;1m15.0.0[0;39m
[28dic2025 16:24:04.179] [Sponge-AsyncScheduler-73/INFO] [skinsrestorer/]: [36;1m    Commit: [32;1m75ced93[0;39m
[28dic2025 16:24:04.179] [Sponge-AsyncScheduler-73/INFO] [skinsrestorer/]: [36;1m    New version: [31;1m15.9.1[0;39m
[28dic2025 16:24:04.180] [Sponge-AsyncScheduler-73/INFO] [skinsrestorer/]: [33;1m    A new version is available! Download it at:[0;39m
[28dic2025 16:24:04.180] [Sponge-AsyncScheduler-73/INFO] [skinsrestorer/]: [33;1m    https://github.com/SkinsRestorer/SkinsRestorer/releases/download/15.9.1/SkinsRestorer.jar[0;39m
[28dic2025 16:24:04.180] [Sponge-AsyncScheduler-73/INFO] [skinsrestorer/]: [32;1m----------------------------------------------[0;39m
[28dic2025 16:37:05.828] [Server thread/INFO] [net.minecraft.server.MinecraftServer/]: Stopping the server
[28dic2025 16:37:05.878] [Server thread/INFO] [luckperms/]: Starting shutdown process...
[28dic2025 16:37:05.880] [Server thread/INFO] [luckperms/]: Closing storage...
[28dic2025 16:37:05.894] [Server thread/INFO] [luckperms/]: Goodbye!
[28dic2025 16:37:05.894] [Server thread/INFO] [net.minecraft.server.MinecraftServer/]: Stopping server
[28dic2025 16:37:05.895] [Server thread/INFO] [net.minecraft.server.MinecraftServer/]: Saving players
[28dic2025 16:37:05.895] [Server thread/INFO] [net.minecraft.server.MinecraftServer/]: Saving worlds
[28dic2025 16:37:05.983] [Server thread/INFO] [net.minecraft.server.MinecraftServer/]: ThreadedAnvilChunkStorage: All dimensions are saved
[28dic2025 16:37:06.008] [Server thread/INFO] [Framework/]: Unloading server configs...
[28dic2025 16:37:06.010] [Server thread/INFO] [Framework/]: Sending config unload event for goblintraders-entities.toml
[28dic2025 16:37:06.011] [Server thread/INFO] [Framework/]: Finished unloading server configs
